// Jest Snapshot v1, https://goo.gl/fbAQLP

exports[`icon组件 render correctly 1`] = `
<svg
  className="zyj-ui-icon"
>
  <use
    xlinkHref="#wechat"
  />
</svg>
`;
